// Jest Snapshot v1, https://goo.gl/fbAQLP

exports[`class UserFollowingsList extends _react2.default.Component {
  constructor(props) {
    super(props);
    this.state = { followings: [] };

    this.fetchFollowings = this.fetchFollowings.bind(this);
    this.unfollowUser = this.unfollowUser.bind(this);
  }

  componentDidMount() {
    this._isMounted = true;
    if (this._isMounted) {
      this.fetchFollowings();
    }
  }

  componentWillUnmount() {
    this._isMounted = false;
  }

  fetchFollowings() {
    return (0, _follows.getUserFollowingsAPI)(this.props.user_id).
    then(data => {
      this.setState({ followings: data });
    }).catch(() => {
      this.props.displayMessage('There was an error loading the followings');
    });
  }

  unfollowUser(userID) {
    return (0, _follows.deleteFollowAPI)(userID).
    then(() => {
      this.setState({ followings: this.state.followings.filter(fol => {return fol.id !== userID;}) });
      this.props.deleteFollowFromList();
    }).catch(() => {
      this.props.displayMessage('There was an error unfollowing the user');
    });
  }

  render() {
    const followingsList = this.state.followings.map(user => {
      return (
        _react2.default.createElement('li', { className: 'list_item', key: user.id, __source: { fileName: _jsxFileName, lineNumber: 48 }, __self: this },
          _react2.default.createElement(_Users.UserListItem, { user: user, isCurrentUserPage: this.props.isCurrentUserPage, unfollowUser: this.unfollowUser, __source: { fileName: _jsxFileName, lineNumber: 49 }, __self: this })));


    });

    return (
      _react2.default.createElement('div', { __source: { fileName: _jsxFileName, lineNumber: 55 }, __self: this },
        _react2.default.createElement('h2', { className: 'sub_header', __source: { fileName: _jsxFileName, lineNumber: 56 }, __self: this }, 'Following'),
        _react2.default.createElement('ul', { __source: { fileName: _jsxFileName, lineNumber: 57 }, __self: this },
          followingsList)));



  }} renders properly 1`] = `
ShallowWrapper {
  "length": 1,
  Symbol(enzyme.__root__): [Circular],
  Symbol(enzyme.__unrendered__): <UserFollowingsList
    loggedIn={true}
    user_id={1}
/>,
  Symbol(enzyme.__renderer__): Object {
    "batchedUpdates": [Function],
    "getNode": [Function],
    "render": [Function],
    "simulateEvent": [Function],
    "unmount": [Function],
  },
  Symbol(enzyme.__node__): Object {
    "instance": null,
    "key": undefined,
    "nodeType": "host",
    "props": Object {
      "children": Array [
        <h2
          className="sub_header"
>
          Following
</h2>,
        <ul>
          
</ul>,
      ],
    },
    "ref": null,
    "rendered": Array [
      Object {
        "instance": null,
        "key": undefined,
        "nodeType": "host",
        "props": Object {
          "children": "Following",
          "className": "sub_header",
        },
        "ref": null,
        "rendered": "Following",
        "type": "h2",
      },
      Object {
        "instance": null,
        "key": undefined,
        "nodeType": "host",
        "props": Object {
          "children": Array [],
        },
        "ref": null,
        "rendered": Array [],
        "type": "ul",
      },
    ],
    "type": "div",
  },
  Symbol(enzyme.__nodes__): Array [
    Object {
      "instance": null,
      "key": undefined,
      "nodeType": "host",
      "props": Object {
        "children": Array [
          <h2
            className="sub_header"
>
            Following
</h2>,
          <ul>
            
</ul>,
        ],
      },
      "ref": null,
      "rendered": Array [
        Object {
          "instance": null,
          "key": undefined,
          "nodeType": "host",
          "props": Object {
            "children": "Following",
            "className": "sub_header",
          },
          "ref": null,
          "rendered": "Following",
          "type": "h2",
        },
        Object {
          "instance": null,
          "key": undefined,
          "nodeType": "host",
          "props": Object {
            "children": Array [],
          },
          "ref": null,
          "rendered": Array [],
          "type": "ul",
        },
      ],
      "type": "div",
    },
  ],
  Symbol(enzyme.__options__): Object {
    "adapter": ReactSixteenAdapter {
      "options": Object {
        "enableComponentDidUpdateOnSetState": true,
      },
    },
  },
}
`;
